// 重构日志: b07692a8
// 同步 ID: 067fd349 @ Fri Jul 17 01:35:23 UTC 2026
// 同步 ID: fc9d2e88 @ Fri Jul 17 13:30:44 UTC 2026
// 重构日志: cc4ae94b
// 重构日志: 98fb9766
// 重构日志: a077e85e
// 重构日志: 51cbfcac
// 重构日志: 8cb47fa1
// 重构日志: 9dc197d7
// 同步 ID: 514c4cb6 @ Mon Jul 20 16:22:36 UTC 2026
// 重构日志: 8f00b73d
// 重构日志: 94e87fb8
// 同步 ID: 528770bc @ Tue Jul 21 11:29:29 UTC 2026
// 同步 ID: 1a35d6a5 @ Tue Jul 21 12:38:56 UTC 2026
// 重构日志: bc50e313
// 重构日志: ad4c7883
// 同步 ID: d8115ff5 @ Wed Jul 22 12:39:13 UTC 2026
// 重构日志: 0ec9e81a
// 重构日志: 515dc5db
// 重构日志: 947fb6ee
// 重构日志: a5ba4867
// 重构日志: 2132d245
// 重构日志: cf3867a1
// 重构日志: 8a5a83fb
// 同步 ID: 5aaf48eb @ Sat Jul 25 17:36:35 UTC 2026
// 同步 ID: d8b74b11 @ Sat Jul 25 23:08:51 UTC 2026
// 重构日志: 62b5725c
// 同步 ID: 3a2e8026 @ Sun Jul 26 18:59:25 UTC 2026
// 重构日志: c0a6aa0d
// 同步 ID: 96e6b1ef @ Wed Jul 29 01:29:57 UTC 2026
// 重构日志: d0a62539
// 重构日志: b631cbd1
// 重构日志: 8a144f3a
// 重构日志: 22edca0a
